[2026-05-14 20:40:09.220] [info] Loaded model 3DGaitModel2392 from file Models_and_Geometry/bionic_model/BIONIC_FINAL.osim
[2026-05-14 20:40:09.221] [warning] Couldn't find file 'treadmill.vtp'.
[2026-05-14 20:40:09.221] [warning] Couldn't find file 'sacrum.vtp'.
[2026-05-14 20:40:09.221] [warning] Couldn't find file 'pelvis.vtp'.
[2026-05-14 20:40:09.221] [warning] Couldn't find file 'l_pelvis.vtp'.
[2026-05-14 20:40:09.221] [warning] Couldn't find file 'femur_r.vtp'.
[2026-05-14 20:40:09.221] [warning] Couldn't find file 'cylinder.vtp'.
[2026-05-14 20:40:09.221] [warning] Couldn't find file 'box.vtp'.
[2026-05-14 20:40:09.221] [warning] Couldn't find file 'tibia_r.vtp'.
[2026-05-14 20:40:09.221] [warning] Couldn't find file 'fibula.vtp'.
[2026-05-14 20:40:09.221] [warning] Couldn't find file 'talus.vtp'.
[2026-05-14 20:40:09.221] [warning] Couldn't find file 'box.vtp'.
[2026-05-14 20:40:09.221] [warning] Couldn't find file 'foot.vtp'.
[2026-05-14 20:40:09.222] [warning] Couldn't find file 'bofoot.vtp'.
[2026-05-14 20:40:09.222] [warning] Couldn't find file 'femur_l.vtp'.
[2026-05-14 20:40:09.222] [warning] Couldn't find file 'tibia_l.vtp'.
[2026-05-14 20:40:09.222] [warning] Couldn't find file 'l_fibula.vtp'.
[2026-05-14 20:40:09.222] [warning] Couldn't find file 'l_talus.vtp'.
[2026-05-14 20:40:09.222] [warning] Couldn't find file 'l_foot.vtp'.
[2026-05-14 20:40:09.222] [warning] Couldn't find file 'l_bofoot.vtp'.
[2026-05-14 20:40:09.222] [warning] Couldn't find file 'hat_spine.vtp'.
[2026-05-14 20:40:09.222] [warning] Couldn't find file 'hat_jaw.vtp'.
[2026-05-14 20:40:09.222] [warning] Couldn't find file 'hat_skull.vtp'.
[2026-05-14 20:40:09.222] [warning] Couldn't find file 'hat_ribs.vtp'.
[2026-05-14 20:40:16.498] [info] Loaded model 3DGaitModel2392 from file Models_and_Geometry/bionic_model/BIONIC_FINAL.osim
[2026-05-14 20:40:16.499] [warning] Couldn't find file 'treadmill.vtp'.
[2026-05-14 20:40:16.499] [warning] Couldn't find file 'sacrum.vtp'.
[2026-05-14 20:40:16.499] [warning] Couldn't find file 'pelvis.vtp'.
[2026-05-14 20:40:16.499] [warning] Couldn't find file 'l_pelvis.vtp'.
[2026-05-14 20:40:16.499] [warning] Couldn't find file 'femur_r.vtp'.
[2026-05-14 20:40:16.499] [warning] Couldn't find file 'cylinder.vtp'.
[2026-05-14 20:40:16.499] [warning] Couldn't find file 'box.vtp'.
[2026-05-14 20:40:16.499] [warning] Couldn't find file 'tibia_r.vtp'.
[2026-05-14 20:40:16.499] [warning] Couldn't find file 'fibula.vtp'.
[2026-05-14 20:40:16.499] [warning] Couldn't find file 'talus.vtp'.
[2026-05-14 20:40:16.499] [warning] Couldn't find file 'box.vtp'.
[2026-05-14 20:40:16.499] [warning] Couldn't find file 'foot.vtp'.
[2026-05-14 20:40:16.499] [warning] Couldn't find file 'bofoot.vtp'.
[2026-05-14 20:40:16.499] [warning] Couldn't find file 'femur_l.vtp'.
[2026-05-14 20:40:16.499] [warning] Couldn't find file 'tibia_l.vtp'.
[2026-05-14 20:40:16.499] [warning] Couldn't find file 'l_fibula.vtp'.
[2026-05-14 20:40:16.499] [warning] Couldn't find file 'l_talus.vtp'.
[2026-05-14 20:40:16.499] [warning] Couldn't find file 'l_foot.vtp'.
[2026-05-14 20:40:16.499] [warning] Couldn't find file 'l_bofoot.vtp'.
[2026-05-14 20:40:16.499] [warning] Couldn't find file 'hat_spine.vtp'.
[2026-05-14 20:40:16.499] [warning] Couldn't find file 'hat_jaw.vtp'.
[2026-05-14 20:40:16.499] [warning] Couldn't find file 'hat_skull.vtp'.
[2026-05-14 20:40:16.499] [warning] Couldn't find file 'hat_ribs.vtp'.
[2026-05-14 20:40:27.993] [info] Loaded model 3DGaitModel2392 from file Models_and_Geometry/bionic_model/BIONIC_FINAL.osim
[2026-05-14 20:40:27.993] [warning] Couldn't find file 'treadmill.vtp'.
[2026-05-14 20:40:27.994] [warning] Couldn't find file 'sacrum.vtp'.
[2026-05-14 20:40:27.994] [warning] Couldn't find file 'pelvis.vtp'.
[2026-05-14 20:40:27.994] [warning] Couldn't find file 'l_pelvis.vtp'.
[2026-05-14 20:40:27.994] [warning] Couldn't find file 'femur_r.vtp'.
[2026-05-14 20:40:27.994] [warning] Couldn't find file 'cylinder.vtp'.
[2026-05-14 20:40:27.994] [warning] Couldn't find file 'box.vtp'.
[2026-05-14 20:40:27.994] [warning] Couldn't find file 'tibia_r.vtp'.
[2026-05-14 20:40:27.994] [warning] Couldn't find file 'fibula.vtp'.
[2026-05-14 20:40:27.994] [warning] Couldn't find file 'talus.vtp'.
[2026-05-14 20:40:27.994] [warning] Couldn't find file 'box.vtp'.
[2026-05-14 20:40:27.994] [warning] Couldn't find file 'foot.vtp'.
[2026-05-14 20:40:27.994] [warning] Couldn't find file 'bofoot.vtp'.
[2026-05-14 20:40:27.994] [warning] Couldn't find file 'femur_l.vtp'.
[2026-05-14 20:40:27.994] [warning] Couldn't find file 'tibia_l.vtp'.
[2026-05-14 20:40:27.994] [warning] Couldn't find file 'l_fibula.vtp'.
[2026-05-14 20:40:27.994] [warning] Couldn't find file 'l_talus.vtp'.
[2026-05-14 20:40:27.994] [warning] Couldn't find file 'l_foot.vtp'.
[2026-05-14 20:40:27.994] [warning] Couldn't find file 'l_bofoot.vtp'.
[2026-05-14 20:40:27.994] [warning] Couldn't find file 'hat_spine.vtp'.
[2026-05-14 20:40:27.994] [warning] Couldn't find file 'hat_jaw.vtp'.
[2026-05-14 20:40:27.994] [warning] Couldn't find file 'hat_skull.vtp'.
[2026-05-14 20:40:27.994] [warning] Couldn't find file 'hat_ribs.vtp'.
[2026-05-14 20:40:34.097] [info] Loaded model 3DGaitModel2392 from file Models_and_Geometry/bionic_model/BIONIC_FINAL.osim
[2026-05-14 20:40:34.098] [warning] Couldn't find file 'treadmill.vtp'.
[2026-05-14 20:40:34.098] [warning] Couldn't find file 'sacrum.vtp'.
[2026-05-14 20:40:34.098] [warning] Couldn't find file 'pelvis.vtp'.
[2026-05-14 20:40:34.098] [warning] Couldn't find file 'l_pelvis.vtp'.
[2026-05-14 20:40:34.098] [warning] Couldn't find file 'femur_r.vtp'.
[2026-05-14 20:40:34.098] [warning] Couldn't find file 'cylinder.vtp'.
[2026-05-14 20:40:34.098] [warning] Couldn't find file 'box.vtp'.
[2026-05-14 20:40:34.099] [warning] Couldn't find file 'tibia_r.vtp'.
[2026-05-14 20:40:34.099] [warning] Couldn't find file 'fibula.vtp'.
[2026-05-14 20:40:34.099] [warning] Couldn't find file 'talus.vtp'.
[2026-05-14 20:40:34.099] [warning] Couldn't find file 'box.vtp'.
[2026-05-14 20:40:34.099] [warning] Couldn't find file 'foot.vtp'.
[2026-05-14 20:40:34.099] [warning] Couldn't find file 'bofoot.vtp'.
[2026-05-14 20:40:34.099] [warning] Couldn't find file 'femur_l.vtp'.
[2026-05-14 20:40:34.099] [warning] Couldn't find file 'tibia_l.vtp'.
[2026-05-14 20:40:34.099] [warning] Couldn't find file 'l_fibula.vtp'.
[2026-05-14 20:40:34.099] [warning] Couldn't find file 'l_talus.vtp'.
[2026-05-14 20:40:34.099] [warning] Couldn't find file 'l_foot.vtp'.
[2026-05-14 20:40:34.099] [warning] Couldn't find file 'l_bofoot.vtp'.
[2026-05-14 20:40:34.099] [warning] Couldn't find file 'hat_spine.vtp'.
[2026-05-14 20:40:34.099] [warning] Couldn't find file 'hat_jaw.vtp'.
[2026-05-14 20:40:34.099] [warning] Couldn't find file 'hat_skull.vtp'.
[2026-05-14 20:40:34.099] [warning] Couldn't find file 'hat_ribs.vtp'.
[2026-05-14 20:40:48.139] [info] Loaded model 3DGaitModel2392 from file Models_and_Geometry/bionic_model/BIONIC_FINAL.osim
[2026-05-14 20:40:48.140] [warning] Couldn't find file 'treadmill.vtp'.
[2026-05-14 20:40:48.140] [warning] Couldn't find file 'sacrum.vtp'.
[2026-05-14 20:40:48.140] [warning] Couldn't find file 'pelvis.vtp'.
[2026-05-14 20:40:48.140] [warning] Couldn't find file 'l_pelvis.vtp'.
[2026-05-14 20:40:48.140] [warning] Couldn't find file 'femur_r.vtp'.
[2026-05-14 20:40:48.140] [warning] Couldn't find file 'cylinder.vtp'.
[2026-05-14 20:40:48.140] [warning] Couldn't find file 'box.vtp'.
[2026-05-14 20:40:48.140] [warning] Couldn't find file 'tibia_r.vtp'.
[2026-05-14 20:40:48.140] [warning] Couldn't find file 'fibula.vtp'.
[2026-05-14 20:40:48.140] [warning] Couldn't find file 'talus.vtp'.
[2026-05-14 20:40:48.140] [warning] Couldn't find file 'box.vtp'.
[2026-05-14 20:40:48.140] [warning] Couldn't find file 'foot.vtp'.
[2026-05-14 20:40:48.140] [warning] Couldn't find file 'bofoot.vtp'.
[2026-05-14 20:40:48.140] [warning] Couldn't find file 'femur_l.vtp'.
[2026-05-14 20:40:48.140] [warning] Couldn't find file 'tibia_l.vtp'.
[2026-05-14 20:40:48.140] [warning] Couldn't find file 'l_fibula.vtp'.
[2026-05-14 20:40:48.140] [warning] Couldn't find file 'l_talus.vtp'.
[2026-05-14 20:40:48.140] [warning] Couldn't find file 'l_foot.vtp'.
[2026-05-14 20:40:48.140] [warning] Couldn't find file 'l_bofoot.vtp'.
[2026-05-14 20:40:48.140] [warning] Couldn't find file 'hat_spine.vtp'.
[2026-05-14 20:40:48.140] [warning] Couldn't find file 'hat_jaw.vtp'.
[2026-05-14 20:40:48.140] [warning] Couldn't find file 'hat_skull.vtp'.
[2026-05-14 20:40:48.140] [warning] Couldn't find file 'hat_ribs.vtp'.
[2026-05-14 20:40:57.471] [info] Loaded model 3DGaitModel2392 from file Models_and_Geometry/bionic_model/BIONIC_FINAL.osim
[2026-05-14 20:40:57.472] [warning] Couldn't find file 'treadmill.vtp'.
[2026-05-14 20:40:57.472] [warning] Couldn't find file 'sacrum.vtp'.
[2026-05-14 20:40:57.472] [warning] Couldn't find file 'pelvis.vtp'.
[2026-05-14 20:40:57.472] [warning] Couldn't find file 'l_pelvis.vtp'.
[2026-05-14 20:40:57.472] [warning] Couldn't find file 'femur_r.vtp'.
[2026-05-14 20:40:57.472] [warning] Couldn't find file 'cylinder.vtp'.
[2026-05-14 20:40:57.472] [warning] Couldn't find file 'box.vtp'.
[2026-05-14 20:40:57.472] [warning] Couldn't find file 'tibia_r.vtp'.
[2026-05-14 20:40:57.472] [warning] Couldn't find file 'fibula.vtp'.
[2026-05-14 20:40:57.472] [warning] Couldn't find file 'talus.vtp'.
[2026-05-14 20:40:57.472] [warning] Couldn't find file 'box.vtp'.
[2026-05-14 20:40:57.472] [warning] Couldn't find file 'foot.vtp'.
[2026-05-14 20:40:57.472] [warning] Couldn't find file 'bofoot.vtp'.
[2026-05-14 20:40:57.472] [warning] Couldn't find file 'femur_l.vtp'.
[2026-05-14 20:40:57.472] [warning] Couldn't find file 'tibia_l.vtp'.
[2026-05-14 20:40:57.472] [warning] Couldn't find file 'l_fibula.vtp'.
[2026-05-14 20:40:57.472] [warning] Couldn't find file 'l_talus.vtp'.
[2026-05-14 20:40:57.472] [warning] Couldn't find file 'l_foot.vtp'.
[2026-05-14 20:40:57.472] [warning] Couldn't find file 'l_bofoot.vtp'.
[2026-05-14 20:40:57.472] [warning] Couldn't find file 'hat_spine.vtp'.
[2026-05-14 20:40:57.472] [warning] Couldn't find file 'hat_jaw.vtp'.
[2026-05-14 20:40:57.472] [warning] Couldn't find file 'hat_skull.vtp'.
[2026-05-14 20:40:57.472] [warning] Couldn't find file 'hat_ribs.vtp'.
[2026-05-14 20:41:04.421] [info] Loaded model 3DGaitModel2392 from file Models_and_Geometry/bionic_model/BIONIC_FINAL.osim
[2026-05-14 20:41:04.422] [warning] Couldn't find file 'treadmill.vtp'.
[2026-05-14 20:41:04.422] [warning] Couldn't find file 'sacrum.vtp'.
[2026-05-14 20:41:04.422] [warning] Couldn't find file 'pelvis.vtp'.
[2026-05-14 20:41:04.422] [warning] Couldn't find file 'l_pelvis.vtp'.
[2026-05-14 20:41:04.422] [warning] Couldn't find file 'femur_r.vtp'.
[2026-05-14 20:41:04.422] [warning] Couldn't find file 'cylinder.vtp'.
[2026-05-14 20:41:04.422] [warning] Couldn't find file 'box.vtp'.
[2026-05-14 20:41:04.422] [warning] Couldn't find file 'tibia_r.vtp'.
[2026-05-14 20:41:04.422] [warning] Couldn't find file 'fibula.vtp'.
[2026-05-14 20:41:04.422] [warning] Couldn't find file 'talus.vtp'.
[2026-05-14 20:41:04.422] [warning] Couldn't find file 'box.vtp'.
[2026-05-14 20:41:04.422] [warning] Couldn't find file 'foot.vtp'.
[2026-05-14 20:41:04.422] [warning] Couldn't find file 'bofoot.vtp'.
[2026-05-14 20:41:04.422] [warning] Couldn't find file 'femur_l.vtp'.
[2026-05-14 20:41:04.422] [warning] Couldn't find file 'tibia_l.vtp'.
[2026-05-14 20:41:04.422] [warning] Couldn't find file 'l_fibula.vtp'.
[2026-05-14 20:41:04.422] [warning] Couldn't find file 'l_talus.vtp'.
[2026-05-14 20:41:04.422] [warning] Couldn't find file 'l_foot.vtp'.
[2026-05-14 20:41:04.422] [warning] Couldn't find file 'l_bofoot.vtp'.
[2026-05-14 20:41:04.422] [warning] Couldn't find file 'hat_spine.vtp'.
[2026-05-14 20:41:04.422] [warning] Couldn't find file 'hat_jaw.vtp'.
[2026-05-14 20:41:04.422] [warning] Couldn't find file 'hat_skull.vtp'.
[2026-05-14 20:41:04.422] [warning] Couldn't find file 'hat_ribs.vtp'.
[2026-05-14 20:41:27.550] [info] Loaded model 3DGaitModel2392 from file Models_and_Geometry/bionic_model/BIONIC_FINAL.osim
[2026-05-14 20:41:27.550] [warning] Couldn't find file 'treadmill.vtp'.
[2026-05-14 20:41:27.550] [warning] Couldn't find file 'sacrum.vtp'.
[2026-05-14 20:41:27.550] [warning] Couldn't find file 'pelvis.vtp'.
[2026-05-14 20:41:27.550] [warning] Couldn't find file 'l_pelvis.vtp'.
[2026-05-14 20:41:27.550] [warning] Couldn't find file 'femur_r.vtp'.
[2026-05-14 20:41:27.551] [warning] Couldn't find file 'cylinder.vtp'.
[2026-05-14 20:41:27.551] [warning] Couldn't find file 'box.vtp'.
[2026-05-14 20:41:27.551] [warning] Couldn't find file 'tibia_r.vtp'.
[2026-05-14 20:41:27.551] [warning] Couldn't find file 'fibula.vtp'.
[2026-05-14 20:41:27.551] [warning] Couldn't find file 'talus.vtp'.
[2026-05-14 20:41:27.551] [warning] Couldn't find file 'box.vtp'.
[2026-05-14 20:41:27.551] [warning] Couldn't find file 'foot.vtp'.
[2026-05-14 20:41:27.551] [warning] Couldn't find file 'bofoot.vtp'.
[2026-05-14 20:41:27.551] [warning] Couldn't find file 'femur_l.vtp'.
[2026-05-14 20:41:27.551] [warning] Couldn't find file 'tibia_l.vtp'.
[2026-05-14 20:41:27.551] [warning] Couldn't find file 'l_fibula.vtp'.
[2026-05-14 20:41:27.551] [warning] Couldn't find file 'l_talus.vtp'.
[2026-05-14 20:41:27.551] [warning] Couldn't find file 'l_foot.vtp'.
[2026-05-14 20:41:27.551] [warning] Couldn't find file 'l_bofoot.vtp'.
[2026-05-14 20:41:27.551] [warning] Couldn't find file 'hat_spine.vtp'.
[2026-05-14 20:41:27.551] [warning] Couldn't find file 'hat_jaw.vtp'.
[2026-05-14 20:41:27.552] [warning] Couldn't find file 'hat_skull.vtp'.
[2026-05-14 20:41:27.552] [warning] Couldn't find file 'hat_ribs.vtp'.
[2026-05-14 20:52:57.545] [info] Storage: read data file = Models_and_Geometry/analysis_prosthetic_gendy/3DGaitModel2392_coordinates.mot (nr=9459 nc=24)
