[2026-05-14 18:36:45.988] [info] Updating Model file from 40000 to latest format...
[2026-05-14 18:36:46.006] [info] Loaded model 3DGaitModel2392 from file Models_and_Geometry/Healthy_model/gait2392_simbody.osim
[2026-05-14 18:36:46.006] [warning] Couldn't find file 'treadmill.vtp'.
[2026-05-14 18:36:46.007] [warning] Couldn't find file 'sacrum.vtp'.
[2026-05-14 18:36:46.007] [warning] Couldn't find file 'pelvis.vtp'.
[2026-05-14 18:36:46.007] [warning] Couldn't find file 'l_pelvis.vtp'.
[2026-05-14 18:36:46.008] [warning] Couldn't find file 'femur_r.vtp'.
[2026-05-14 18:36:46.008] [warning] Couldn't find file 'tibia_r.vtp'.
[2026-05-14 18:36:46.008] [warning] Couldn't find file 'fibula.vtp'.
[2026-05-14 18:36:46.008] [warning] Couldn't find file 'talus.vtp'.
[2026-05-14 18:36:46.009] [warning] Couldn't find file 'foot.vtp'.
[2026-05-14 18:36:46.009] [warning] Couldn't find file 'bofoot.vtp'.
[2026-05-14 18:36:46.009] [warning] Couldn't find file 'femur_l.vtp'.
[2026-05-14 18:36:46.009] [warning] Couldn't find file 'tibia_l.vtp'.
[2026-05-14 18:36:46.009] [warning] Couldn't find file 'l_fibula.vtp'.
[2026-05-14 18:36:46.009] [warning] Couldn't find file 'l_talus.vtp'.
[2026-05-14 18:36:46.009] [warning] Couldn't find file 'l_foot.vtp'.
[2026-05-14 18:36:46.009] [warning] Couldn't find file 'l_bofoot.vtp'.
[2026-05-14 18:36:46.010] [warning] Couldn't find file 'hat_spine.vtp'.
[2026-05-14 18:36:46.010] [warning] Couldn't find file 'hat_jaw.vtp'.
[2026-05-14 18:36:46.010] [warning] Couldn't find file 'hat_skull.vtp'.
[2026-05-14 18:36:46.010] [warning] Couldn't find file 'hat_ribs.vtp'.
[2026-05-14 19:04:11.700] [info] Updating Model file from 40000 to latest format...
[2026-05-14 19:04:11.716] [info] Loaded model 3DGaitModel2392 from file Models_and_Geometry/Healthy_model/gait2392_simbody.osim
[2026-05-14 19:04:11.717] [warning] Couldn't find file 'treadmill.vtp'.
[2026-05-14 19:04:11.717] [warning] Couldn't find file 'sacrum.vtp'.
[2026-05-14 19:04:11.717] [warning] Couldn't find file 'pelvis.vtp'.
[2026-05-14 19:04:11.717] [warning] Couldn't find file 'l_pelvis.vtp'.
[2026-05-14 19:04:11.718] [warning] Couldn't find file 'femur_r.vtp'.
[2026-05-14 19:04:11.718] [warning] Couldn't find file 'tibia_r.vtp'.
[2026-05-14 19:04:11.718] [warning] Couldn't find file 'fibula.vtp'.
[2026-05-14 19:04:11.718] [warning] Couldn't find file 'talus.vtp'.
[2026-05-14 19:04:11.718] [warning] Couldn't find file 'foot.vtp'.
[2026-05-14 19:04:11.718] [warning] Couldn't find file 'bofoot.vtp'.
[2026-05-14 19:04:11.719] [warning] Couldn't find file 'femur_l.vtp'.
[2026-05-14 19:04:11.719] [warning] Couldn't find file 'tibia_l.vtp'.
[2026-05-14 19:04:11.719] [warning] Couldn't find file 'l_fibula.vtp'.
[2026-05-14 19:04:11.719] [warning] Couldn't find file 'l_talus.vtp'.
[2026-05-14 19:04:11.720] [warning] Couldn't find file 'l_foot.vtp'.
[2026-05-14 19:04:11.720] [warning] Couldn't find file 'l_bofoot.vtp'.
[2026-05-14 19:04:11.720] [warning] Couldn't find file 'hat_spine.vtp'.
[2026-05-14 19:04:11.720] [warning] Couldn't find file 'hat_jaw.vtp'.
[2026-05-14 19:04:11.720] [warning] Couldn't find file 'hat_skull.vtp'.
[2026-05-14 19:04:11.720] [warning] Couldn't find file 'hat_ribs.vtp'.
[2026-05-14 19:16:39.978] [info] Updating Model file from 40000 to latest format...
[2026-05-14 19:16:39.995] [info] Loaded model 3DGaitModel2392 from file Models_and_Geometry/Healthy_model/gait2392_simbody.osim
[2026-05-14 19:16:39.996] [warning] Couldn't find file 'treadmill.vtp'.
[2026-05-14 19:16:39.996] [warning] Couldn't find file 'sacrum.vtp'.
[2026-05-14 19:16:39.996] [warning] Couldn't find file 'pelvis.vtp'.
[2026-05-14 19:16:39.996] [warning] Couldn't find file 'l_pelvis.vtp'.
[2026-05-14 19:16:39.997] [warning] Couldn't find file 'femur_r.vtp'.
[2026-05-14 19:16:39.997] [warning] Couldn't find file 'tibia_r.vtp'.
[2026-05-14 19:16:39.997] [warning] Couldn't find file 'fibula.vtp'.
[2026-05-14 19:16:39.997] [warning] Couldn't find file 'talus.vtp'.
[2026-05-14 19:16:39.997] [warning] Couldn't find file 'foot.vtp'.
[2026-05-14 19:16:39.997] [warning] Couldn't find file 'bofoot.vtp'.
[2026-05-14 19:16:39.997] [warning] Couldn't find file 'femur_l.vtp'.
[2026-05-14 19:16:39.998] [warning] Couldn't find file 'tibia_l.vtp'.
[2026-05-14 19:16:39.998] [warning] Couldn't find file 'l_fibula.vtp'.
[2026-05-14 19:16:39.998] [warning] Couldn't find file 'l_talus.vtp'.
[2026-05-14 19:16:39.998] [warning] Couldn't find file 'l_foot.vtp'.
[2026-05-14 19:16:39.998] [warning] Couldn't find file 'l_bofoot.vtp'.
[2026-05-14 19:16:39.998] [warning] Couldn't find file 'hat_spine.vtp'.
[2026-05-14 19:16:39.998] [warning] Couldn't find file 'hat_jaw.vtp'.
[2026-05-14 19:16:39.999] [warning] Couldn't find file 'hat_skull.vtp'.
[2026-05-14 19:16:39.999] [warning] Couldn't find file 'hat_ribs.vtp'.
[2026-05-14 19:22:51.666] [info] Updating Model file from 40000 to latest format...
[2026-05-14 19:22:51.683] [info] Loaded model 3DGaitModel2392 from file Models_and_Geometry/Healthy_model/gait2392_simbody.osim
[2026-05-14 19:22:51.684] [warning] Couldn't find file 'treadmill.vtp'.
[2026-05-14 19:22:51.685] [warning] Couldn't find file 'sacrum.vtp'.
[2026-05-14 19:22:51.685] [warning] Couldn't find file 'pelvis.vtp'.
[2026-05-14 19:22:51.685] [warning] Couldn't find file 'l_pelvis.vtp'.
[2026-05-14 19:22:51.685] [warning] Couldn't find file 'femur_r.vtp'.
[2026-05-14 19:22:51.685] [warning] Couldn't find file 'tibia_r.vtp'.
[2026-05-14 19:22:51.685] [warning] Couldn't find file 'fibula.vtp'.
[2026-05-14 19:22:51.685] [warning] Couldn't find file 'talus.vtp'.
[2026-05-14 19:22:51.685] [warning] Couldn't find file 'foot.vtp'.
[2026-05-14 19:22:51.686] [warning] Couldn't find file 'bofoot.vtp'.
[2026-05-14 19:22:51.686] [warning] Couldn't find file 'femur_l.vtp'.
[2026-05-14 19:22:51.686] [warning] Couldn't find file 'tibia_l.vtp'.
[2026-05-14 19:22:51.686] [warning] Couldn't find file 'l_fibula.vtp'.
[2026-05-14 19:22:51.687] [warning] Couldn't find file 'l_talus.vtp'.
[2026-05-14 19:22:51.687] [warning] Couldn't find file 'l_foot.vtp'.
[2026-05-14 19:22:51.687] [warning] Couldn't find file 'l_bofoot.vtp'.
[2026-05-14 19:22:51.687] [warning] Couldn't find file 'hat_spine.vtp'.
[2026-05-14 19:22:51.687] [warning] Couldn't find file 'hat_jaw.vtp'.
[2026-05-14 19:22:51.687] [warning] Couldn't find file 'hat_skull.vtp'.
[2026-05-14 19:22:51.687] [warning] Couldn't find file 'hat_ribs.vtp'.
[2026-05-14 19:23:11.263] [info] Updating Model file from 40000 to latest format...
[2026-05-14 19:23:11.280] [info] Loaded model 3DGaitModel2392 from file Models_and_Geometry/Healthy_model/gait2392_simbody.osim
[2026-05-14 19:23:11.281] [warning] Couldn't find file 'treadmill.vtp'.
[2026-05-14 19:23:11.281] [warning] Couldn't find file 'sacrum.vtp'.
[2026-05-14 19:23:11.281] [warning] Couldn't find file 'pelvis.vtp'.
[2026-05-14 19:23:11.281] [warning] Couldn't find file 'l_pelvis.vtp'.
[2026-05-14 19:23:11.282] [warning] Couldn't find file 'femur_r.vtp'.
[2026-05-14 19:23:11.282] [warning] Couldn't find file 'tibia_r.vtp'.
[2026-05-14 19:23:11.282] [warning] Couldn't find file 'fibula.vtp'.
[2026-05-14 19:23:11.282] [warning] Couldn't find file 'talus.vtp'.
[2026-05-14 19:23:11.283] [warning] Couldn't find file 'foot.vtp'.
[2026-05-14 19:23:11.283] [warning] Couldn't find file 'bofoot.vtp'.
[2026-05-14 19:23:11.283] [warning] Couldn't find file 'femur_l.vtp'.
[2026-05-14 19:23:11.283] [warning] Couldn't find file 'tibia_l.vtp'.
[2026-05-14 19:23:11.283] [warning] Couldn't find file 'l_fibula.vtp'.
[2026-05-14 19:23:11.284] [warning] Couldn't find file 'l_talus.vtp'.
[2026-05-14 19:23:11.284] [warning] Couldn't find file 'l_foot.vtp'.
[2026-05-14 19:23:11.284] [warning] Couldn't find file 'l_bofoot.vtp'.
[2026-05-14 19:23:11.284] [warning] Couldn't find file 'hat_spine.vtp'.
[2026-05-14 19:23:11.284] [warning] Couldn't find file 'hat_jaw.vtp'.
[2026-05-14 19:23:11.284] [warning] Couldn't find file 'hat_skull.vtp'.
[2026-05-14 19:23:11.284] [warning] Couldn't find file 'hat_ribs.vtp'.
[2026-05-14 19:27:24.588] [info] Updating Model file from 40000 to latest format...
[2026-05-14 19:27:24.606] [info] Loaded model 3DGaitModel2392 from file Models_and_Geometry/Healthy_model/gait2392_simbody.osim
[2026-05-14 19:27:24.607] [warning] Couldn't find file 'treadmill.vtp'.
[2026-05-14 19:27:24.607] [warning] Couldn't find file 'sacrum.vtp'.
[2026-05-14 19:27:24.607] [warning] Couldn't find file 'pelvis.vtp'.
[2026-05-14 19:27:24.607] [warning] Couldn't find file 'l_pelvis.vtp'.
[2026-05-14 19:27:24.607] [warning] Couldn't find file 'femur_r.vtp'.
[2026-05-14 19:27:24.608] [warning] Couldn't find file 'tibia_r.vtp'.
[2026-05-14 19:27:24.608] [warning] Couldn't find file 'fibula.vtp'.
[2026-05-14 19:27:24.608] [warning] Couldn't find file 'talus.vtp'.
[2026-05-14 19:27:24.608] [warning] Couldn't find file 'foot.vtp'.
[2026-05-14 19:27:24.608] [warning] Couldn't find file 'bofoot.vtp'.
[2026-05-14 19:27:24.608] [warning] Couldn't find file 'femur_l.vtp'.
[2026-05-14 19:27:24.608] [warning] Couldn't find file 'tibia_l.vtp'.
[2026-05-14 19:27:24.608] [warning] Couldn't find file 'l_fibula.vtp'.
[2026-05-14 19:27:24.609] [warning] Couldn't find file 'l_talus.vtp'.
[2026-05-14 19:27:24.609] [warning] Couldn't find file 'l_foot.vtp'.
[2026-05-14 19:27:24.609] [warning] Couldn't find file 'l_bofoot.vtp'.
[2026-05-14 19:27:24.609] [warning] Couldn't find file 'hat_spine.vtp'.
[2026-05-14 19:27:24.609] [warning] Couldn't find file 'hat_jaw.vtp'.
[2026-05-14 19:27:24.609] [warning] Couldn't find file 'hat_skull.vtp'.
[2026-05-14 19:27:24.609] [warning] Couldn't find file 'hat_ribs.vtp'.
[2026-05-14 19:28:36.620] [info] Updating Model file from 40000 to latest format...
[2026-05-14 19:28:36.637] [info] Loaded model 3DGaitModel2392 from file Models_and_Geometry/Healthy_model/gait2392_simbody.osim
[2026-05-14 19:28:36.637] [warning] Couldn't find file 'treadmill.vtp'.
[2026-05-14 19:28:36.638] [warning] Couldn't find file 'sacrum.vtp'.
[2026-05-14 19:28:36.638] [warning] Couldn't find file 'pelvis.vtp'.
[2026-05-14 19:28:36.638] [warning] Couldn't find file 'l_pelvis.vtp'.
[2026-05-14 19:28:36.638] [warning] Couldn't find file 'femur_r.vtp'.
[2026-05-14 19:28:36.638] [warning] Couldn't find file 'tibia_r.vtp'.
[2026-05-14 19:28:36.638] [warning] Couldn't find file 'fibula.vtp'.
[2026-05-14 19:28:36.639] [warning] Couldn't find file 'talus.vtp'.
[2026-05-14 19:28:36.639] [warning] Couldn't find file 'foot.vtp'.
[2026-05-14 19:28:36.639] [warning] Couldn't find file 'bofoot.vtp'.
[2026-05-14 19:28:36.639] [warning] Couldn't find file 'femur_l.vtp'.
[2026-05-14 19:28:36.639] [warning] Couldn't find file 'tibia_l.vtp'.
[2026-05-14 19:28:36.639] [warning] Couldn't find file 'l_fibula.vtp'.
[2026-05-14 19:28:36.639] [warning] Couldn't find file 'l_talus.vtp'.
[2026-05-14 19:28:36.639] [warning] Couldn't find file 'l_foot.vtp'.
[2026-05-14 19:28:36.639] [warning] Couldn't find file 'l_bofoot.vtp'.
[2026-05-14 19:28:36.640] [warning] Couldn't find file 'hat_spine.vtp'.
[2026-05-14 19:28:36.640] [warning] Couldn't find file 'hat_jaw.vtp'.
[2026-05-14 19:28:36.640] [warning] Couldn't find file 'hat_skull.vtp'.
[2026-05-14 19:28:36.640] [warning] Couldn't find file 'hat_ribs.vtp'.
